E:\Guvi_projects\Mini_project 1\User Management App Mini_project_1\User-Management-App-Mini_project_1\src\main\java\com\example\User\Management\App\Mini_project_1\Configuration\AppConfiguration.java
E:\Guvi_projects\Mini_project 1\User Management App Mini_project_1\User-Management-App-Mini_project_1\src\main\java\com\example\User\Management\App\Mini_project_1\Controller\EmployeeController.java
E:\Guvi_projects\Mini_project 1\User Management App Mini_project_1\User-Management-App-Mini_project_1\src\main\java\com\example\User\Management\App\Mini_project_1\Dto\EmployeeDto.java
E:\Guvi_projects\Mini_project 1\User Management App Mini_project_1\User-Management-App-Mini_project_1\src\main\java\com\example\User\Management\App\Mini_project_1\Entity\Employee.java
E:\Guvi_projects\Mini_project 1\User Management App Mini_project_1\User-Management-App-Mini_project_1\src\main\java\com\example\User\Management\App\Mini_project_1\Repository\EmployeeRepository.java
E:\Guvi_projects\Mini_project 1\User Management App Mini_project_1\User-Management-App-Mini_project_1\src\main\java\com\example\User\Management\App\Mini_project_1\Service\EmployeeSerive.java
E:\Guvi_projects\Mini_project 1\User Management App Mini_project_1\User-Management-App-Mini_project_1\src\main\java\com\example\User\Management\App\Mini_project_1\Service\imp\EmployeeSeriveimpl.java
E:\Guvi_projects\Mini_project 1\User Management App Mini_project_1\User-Management-App-Mini_project_1\src\main\java\com\example\User\Management\App\Mini_project_1\UserManagementAppMiniProject1Application.java
